
     „‹ˆ€ …—ˆ L= 44.00
     ‚›‘Ž’€ …—ˆ H=114.00
     “„. ‹. ‘ŽŽ’ˆ‚‹…ˆ… RO =   .380

            ŠŽŽ„ˆ€’› ‹…Š’Ž„Ž‚ ‚ ˆ‘•Ž„Ž‰ ‘ˆ‘’…Œ…

  U  -13.20  -13.20   -4.40   -4.40    4.40    4.40   13.20   13.20

  V   99.10   89.10   99.10   89.10   99.10   89.10   99.10   89.10

                         €„ˆ“‘› ‹…Š’Ž„Ž‚

        .38     .38     .38     .38     .38     .38     .38     .38

                         „‹ˆ› ‹…Š’Ž„Ž‚

       7.50    7.50    7.50    7.50    7.50    7.50    7.50    7.50

     ŠŽ‹ˆ—…‘’‚Ž ‘ˆ‹Ž‚›• ƒ“  NP = 2
     H€—€‹œH›… H€Ÿ†…HˆŸ  U0:     100.0     100.0
     ˆ‘•Ž„H›… ŒŽ™HŽ‘’ˆ     P0:  215000.0  215000.0

     ŠŽ””ˆ–ˆ…H’›  H€Ÿ†…Hˆ‰
B( 1, 1, 1) =  1.00     B( 2, 2, 2) =  1.00     B(

     ŠŽ””ˆ–ˆ…H’›  ŒŽ™HŽ‘’…‰
A( 1, 1, 1, 1) =  1.00  A( 1, 1, 2, 1) =  1.00  A( 2, 2, 3, 2) =  1.00  A( 2, 2, 4, 2) =  1.00  A(
   €Ÿ†…ˆŸ
  U0:      89.909020       89.909010
 U( 1, 6)=   89.9  --      .0
 U( 3, 8)=     .0  --    89.9
 U( 1, 2)=     .0  --      .0
 U( 3, 4)=     .0  --      .0
 U( 5, 6)=     .0  --      .0
 U( 7, 8)=     .0  --      .0
   ’ŽŠˆ
       1       2       3       4       5       6       7       8
     1176.   1221.   -325.   -316.  -1188.  -1209.    340.    301.
     -340.   -301.   1188.   1209.    325.    316.  -1176.  -1221.
     1224.   1257.   1232.   1249.   1232.   1249.   1224.   1257.
