
     „‹ˆ€ …—ˆ L= 44.00
     ‚›‘Ž’€ …—ˆ H=114.00
     “„. ‹. ‘ŽŽ’ˆ‚‹…ˆ… RO =   .380

            ŠŽŽ„ˆ€’› ‹…Š’Ž„Ž‚ ‚ ˆ‘•Ž„Ž‰ ‘ˆ‘’…Œ…

  U   -9.70  -13.00  -13.00   -9.70    9.70   13.00   13.00    9.70

  V   44.20   39.20   29.00   24.00   24.00   29.00   39.20   44.20

                         €„ˆ“‘› ‹…Š’Ž„Ž‚

        .36     .36     .36     .36     .36     .36     .36     .36

                         „‹ˆ› ‹…Š’Ž„Ž‚

       7.00    7.00    7.00    7.00    7.00    7.00    7.00    7.00

     ŠŽ‹ˆ—…‘’‚Ž ‘ˆ‹Ž‚›• ƒ“  NP = 2
     H€—€‹œH›… H€Ÿ†…HˆŸ  U0:     100.0     100.0
     ˆ‘•Ž„H›… ŒŽ™HŽ‘’ˆ     P0:  600000.0  600000.0

     ŠŽ””ˆ–ˆ…H’›  H€Ÿ†…Hˆ‰
B( 1, 1, 1) =  1.00     B( 2, 2, 2) =  1.00     B(

     ŠŽ””ˆ–ˆ…H’›  ŒŽ™HŽ‘’…‰
A( 1, 1, 1, 1) =  1.00  A( 1, 1, 2, 1) =  1.00  A( 2, 2, 3, 2) =  1.00  A( 2, 2, 4, 2) =  1.00  A(
   €Ÿ†…ˆŸ
  U0:     183.961100      183.961100
 U( 1, 5)=  184.0  --      .0
 U( 3, 7)=     .0  --   184.0
 U( 1, 2)=     .0  --      .0
 U( 3, 4)=     .0  --      .0
 U( 5, 6)=     .0  --      .0
 U( 7, 8)=     .0  --      .0
   ’ŽŠˆ
       1       2       3       4       5       6       7       8
     1560.   1698.   -603.    193.  -1555.  -1704.    609.   -198.
      198.   -609.   1704.   1555.   -193.    603.  -1698.  -1560.
     1573.   1804.   1808.   1567.   1567.   1808.   1804.   1573.
